// Jest Snapshot v1, https://goo.gl/fbAQLP

exports[`Displays list of new articles should display 20 top news articles 1`] = `
<ul
  aria-label="articles"
  class="articles"
>
  <li
    class="articles"
  >
    <section
      class="articles"
    >
      <figure>
        <h2>
          Dwayne Johnson will no longer use real guns on set after Alec Baldwin shooting accident - CNBC
        </h2>
        <img
          alt="Dwayne Johnson will no longer use real guns on set after Alec Baldwin shooting accident - CNBC"
          height="200"
          src="https://image.cnbcfm.com/api/v1/image/106808736-1607535928282-gettyimages-1219099339-nup_190334_0130.jpeg?v=1607535952"
          width="300"
        />
        <figcaption>
          <ul>
            <li>
              Author - 
              Sarah Whitten
            </li>
            <li>
              <a
                href="https://www.cnbc.com/2021/11/04/dwayne-johnson-bans-real-guns-on-set-after-alec-baldwin-shooting-accident.html"
              >
                Link
              </a>
            </li>
          </ul>
          <p>
            Dwayne Johnson, one of Hollywood's biggest action stars, will only use rubber guns on his sets after the accidental shooting death of cinematographer Halyna Hutchins on the set of "Rust" last month.
… [+3028 chars]
          </p>
        </figcaption>
      </figure>
    </section>
  </li>
  <li
    class="articles"
  >
    <section
      class="articles"
    >
      <figure>
        <h2>
          Juror in Kyle Rittenhouse trial dismissed for telling joke about police shooting of Jacob Blake - CNN
        </h2>
        <img
          alt="Juror in Kyle Rittenhouse trial dismissed for telling joke about police shooting of Jacob Blake - CNN"
          height="200"
          src="https://cdn.cnn.com/cnnnext/dam/assets/211104105836-kyle-rittenhouse-court-110221-file-super-tease.jpg"
          width="300"
        />
        <figcaption>
          <ul>
            <li>
              Author - 
              Eric Levenson and Carma Hassan, CNN
            </li>
            <li>
              <a
                href="https://www.cnn.com/2021/11/04/us/kyle-rittenhouse-trial-thursday/index.html"
              >
                Link
              </a>
            </li>
          </ul>
          <p>
            (CNN)A juror was dismissed in Kyle Rittenhouse's homicide trial Thursday morning after he told a joke to a deputy earlier this week about the police shooting of Jacob Blake.
The incident occurred wh… [+6078 chars]
          </p>
        </figcaption>
      </figure>
    </section>
  </li>
  <li
    class="articles"
  >
    <section
      class="articles"
    >
      <figure>
        <h2>
          Owen Paterson quits as MP over lobbying row 'nightmare' - BBC News
        </h2>
        <img
          alt="Owen Paterson quits as MP over lobbying row 'nightmare' - BBC News"
          height="200"
          src="https://ichef.bbci.co.uk/news/1024/branded_news/410D/production/_121435661_071552463-1.jpg"
          width="300"
        />
        <figcaption>
          <ul>
            <li>
              Author - 
              https://www.facebook.com/bbcnews
            </li>
            <li>
              <a
                href="https://www.bbc.com/news/uk-politics-59167783"
              >
                Link
              </a>
            </li>
          </ul>
          <p>
            By Jennifer ScottPolitical reporter, BBC News
Image caption, Owen Paterson has been at the centre of a row over how to police MPs' conduct
Owen Paterson has resigned as an MP after a row over his c… [+6000 chars]
          </p>
        </figcaption>
      </figure>
    </section>
  </li>
  <li
    class="articles"
  >
    <section
      class="articles"
    >
      <figure>
        <h2>
          N.J. Senate President Sweeney loses seat to little-known Republican in shocking upset - NJ.com
        </h2>
        <img
          alt="N.J. Senate President Sweeney loses seat to little-known Republican in shocking upset - NJ.com"
          height="200"
          src="https://www.nj.com/resizer/ET5lcMe9of2qXFaaaG8sfvHq_HY=/1280x0/smart/cloudfront-us-east-1.images.arcpublishing.com/advancelocal/UWU6S5X45ZFKHC2AGEWUKFDLA4.jpg"
          width="300"
        />
        <figcaption>
          <ul>
            <li>
              Author - 
              Brent Johnson | NJ Advance Media for NJ.com
            </li>
            <li>
              <a
                href="https://www.nj.com/politics/2021/11/nj-senate-president-sweeney-loses-seat-to-little-known-republican-in-shocking-upset.html"
              >
                Link
              </a>
            </li>
          </ul>
          <p>
            In one of the most stunning political upsets New Jersey has ever seen, longtime state Senate President Stephen Sweeney has lost his latest re-election bid to a little-known Republican, according to a… [+6483 chars]
          </p>
        </figcaption>
      </figure>
    </section>
  </li>
  <li
    class="articles"
  >
    <section
      class="articles"
    >
      <figure>
        <h2>
          Week 9 NFL game picks: Colts roll past Jets on Thursday night; Jordan Love-led Packers stun Chiefs - NFL.com
        </h2>
        <img
          alt="Week 9 NFL game picks: Colts roll past Jets on Thursday night; Jordan Love-led Packers stun Chiefs - NFL.com"
          height="200"
          src="https://static.www.nfl.com/image/private/t_editorial_landscape_12_desktop/league/xpugjebhehgm9pklar8i"
          width="300"
        />
        <figcaption>
          <ul>
            <li>
              Author - 
            </li>
            <li>
              <a
                href="https://www.nfl.com/news/week-9-nfl-game-picks-2021-season"
              >
                Link
              </a>
            </li>
          </ul>
          <p>
            &lt;ul&gt;&lt;li&gt;WHERE: GEHA Field at Arrowhead Stadium (Kansas City, Mo.)&lt;/li&gt;&lt;li&gt;WHEN: 4:25 p.m. ET | FOX&lt;/li&gt;&lt;li&gt;SPREAD: Packers +7.5 | O/U: 48&lt;/li&gt;&lt;/ul&gt;The Chiefs are 3-15-1 against the spread in their la… [+782 chars]
          </p>
        </figcaption>
      </figure>
    </section>
  </li>
  <li
    class="articles"
  >
    <section
      class="articles"
    >
      <figure>
        <h2>
          Natalie Wood was sexually assaulted as a teen by Kirk Douglas, her sister writes in memoir - The Guardian
        </h2>
        <img
          alt="Natalie Wood was sexually assaulted as a teen by Kirk Douglas, her sister writes in memoir - The Guardian"
          height="200"
          width="300"
        />
        <figcaption>
          <ul>
            <li>
              Author - 
              Guardian staff reporter
            </li>
            <li>
              <a
                href="https://amp.theguardian.com/film/2021/nov/04/natalie-wood-sexual-assault-teenager-kirk-douglas-sister-memoir"
              >
                Link
              </a>
            </li>
          </ul>
          <p>
            MoviesIn a memoir coming out next week, Woods younger sister identifies the actors long-suspected assailant
For decades, its been one of Hollywoods darkest rumors: Natalie Wood was sexually assaulte… [+5280 chars]
          </p>
        </figcaption>
      </figure>
    </section>
  </li>
  <li
    class="articles"
  >
    <section
      class="articles"
    >
      <figure>
        <h2>
          After Cleo Smith's rescue, a man is charged with abducting the 4-year-old Australian - NPR
        </h2>
        <img
          alt="After Cleo Smith's rescue, a man is charged with abducting the 4-year-old Australian - NPR"
          height="200"
          src="https://media.npr.org/assets/img/2021/11/04/ap21308175667895_wide-aa76928d47467f282f6adbecc1dfe58441556fe1.jpg?s=1400"
          width="300"
        />
        <figcaption>
          <ul>
            <li>
              Author - 
            </li>
            <li>
              <a
                href="https://www.npr.org/2021/11/04/1052339337/cleo-smith-australia-4-year-old-abduction-arrest"
              >
                Link
              </a>
            </li>
          </ul>
          <p>
            Cleo Smith and her mother Ellie Smith leave a house Thursday where they spent the night after the 4-year-old was rescued in Carnarvon, Australia. Police charged Terry Kelly, a local resident, in the … [+5576 chars]
          </p>
        </figcaption>
      </figure>
    </section>
  </li>
  <li
    class="articles"
  >
    <section
      class="articles"
    >
      <figure>
        <h2>
          Jets vs. Colts: Preview, predictions, what to watch for - New York Post 
        </h2>
        <img
          alt="Jets vs. Colts: Preview, predictions, what to watch for - New York Post "
          height="200"
          src="https://nypost.com/wp-content/uploads/sites/2/2021/11/Nelson.Lawson.jpg?quality=90&strip=all&w=1024"
          width="300"
        />
        <figcaption>
          <ul>
            <li>
              Author - 
              Brian Costello
            </li>
            <li>
              <a
                href="https://nypost.com/2021/11/04/jets-vs-colts-preview-predictions-what-to-watch-for-2/"
              >
                Link
              </a>
            </li>
          </ul>
          <p>
            An inside look at Thursdays Jets-Colts Week 9 matchup in Indianapolis:
Marquee matchup
Colts offensive line vs. Jets defensive line
This game will be decided by the big boys up front. Indianapolis… [+3778 chars]
          </p>
        </figcaption>
      </figure>
    </section>
  </li>
  <li
    class="articles"
  >
    <section
      class="articles"
    >
      <figure>
        <h2>
          The Vaccine Rollout Failed Pregnant People - Jezebel
        </h2>
        <img
          alt="The Vaccine Rollout Failed Pregnant People - Jezebel"
          height="200"
          src="https://i.kinja-img.com/gawker-media/image/upload/c_fill,f_auto,fl_progressive,g_center,h_675,pg_1,q_80,w_1200/f565d7f2761e3b98bdbbaf020a098153.png"
          width="300"
        />
        <figcaption>
          <ul>
            <li>
              Author - 
              Susan Rinkunas
            </li>
            <li>
              <a
                href="https://jezebel.com/the-vaccine-rollout-failed-pregnant-people-1847995862"
              >
                Link
              </a>
            </li>
          </ul>
          <p>
            Cassie Holcomb learned she was pregnant in January 2021, a few weeks after COVID-19 vaccines had become available. The 35-year-old from Arlington, Virginia, had registered to get the shot before gett… [+14927 chars]
          </p>
        </figcaption>
      </figure>
    </section>
  </li>
  <li
    class="articles"
  >
    <section
      class="articles"
    >
      <figure>
        <h2>
          Astronomers call for a massive new space telescope to find the next Earth - The Verge
        </h2>
        <img
          alt="Astronomers call for a massive new space telescope to find the next Earth - The Verge"
          height="200"
          src="https://cdn.vox-cdn.com/thumbor/I5eGHwBVUYfby5MryHCnc6i0loM=/0x176:4534x2550/fit-in/1200x630/cdn.vox-cdn.com/uploads/chorus_asset/file/22985299/kepler186f_artistconcept_2.jpeg"
          width="300"
        />
        <figcaption>
          <ul>
            <li>
              Author - 
              Loren Grush
            </li>
            <li>
              <a
                href="https://www.theverge.com/2021/11/4/22761537/space-telescope-astronomy-decadal-survey-astrophysics-habitable-planets"
              >
                Link
              </a>
            </li>
          </ul>
          <p>
            American astronomers are calling for the development of a whole new suite of grandiose space telescopes that will be able to peer into the atmospheres of planets beyond our Solar System, listen to bl… [+11639 chars]
          </p>
        </figcaption>
      </figure>
    </section>
  </li>
  <li
    class="articles"
  >
    <section
      class="articles"
    >
      <figure>
        <h2>
          Kim Kardashian and Pete Davidson have another date in New York City - Fox News
        </h2>
        <img
          alt="Kim Kardashian and Pete Davidson have another date in New York City - Fox News"
          height="200"
          src="https://static.foxnews.com/foxnews.com/content/uploads/2021/11/Kardashian-Davidson-Getty.jpg"
          width="300"
        />
        <figcaption>
          <ul>
            <li>
              Author - 
              Jessica Napoli
            </li>
            <li>
              <a
                href="https://www.foxnews.com/entertainment/kim-kardashian-date-pete-davidson-new-york-city-zero-bond"
              >
                Link
              </a>
            </li>
          </ul>
          <p>
            Kim Kardashian and Pete Davidson's rumored romance is apparently heating up quickly.
The reality TV star, 41, and the "Saturday Night Live" cast member, 27, were spotted on another date in New York … [+2774 chars]
          </p>
        </figcaption>
      </figure>
    </section>
  </li>
  <li
    class="articles"
  >
    <section
      class="articles"
    >
      <figure>
        <h2>
          House Democrats reintroduce 4 weeks of paid leave, but some may not qualify - CNBC
        </h2>
        <img
          alt="House Democrats reintroduce 4 weeks of paid leave, but some may not qualify - CNBC"
          height="200"
          src="https://image.cnbcfm.com/api/v1/image/106970498-1635989970150-gettyimages-1236327021-USA-.jpeg?v=1635989999"
          width="300"
        />
        <figcaption>
          <ul>
            <li>
              Author - 
              Alicia Adamczyk
            </li>
            <li>
              <a
                href="https://www.cnbc.com/2021/11/04/house-democrats-reintroduce-4-weeks-of-paid-leave.html"
              >
                Link
              </a>
            </li>
          </ul>
          <p>
            House Democrats have reinserted a paid medical and parental leave policy into their social spending bill released Wednesday, after their counterparts in the Senate stripped it from their framework la… [+2369 chars]
          </p>
        </figcaption>
      </figure>
    </section>
  </li>
  <li
    class="articles"
  >
    <section
      class="articles"
    >
      <figure>
        <h2>
          Bella Hadid and Anwar had 'huge rift' with Gigi's ex Zayn Malik after claims he hit mother Yolanda - Daily Mail
        </h2>
        <img
          alt="Bella Hadid and Anwar had 'huge rift' with Gigi's ex Zayn Malik after claims he hit mother Yolanda - Daily Mail"
          height="200"
          src="https://i.dailymail.co.uk/1s/2021/11/04/14/50059553-0-image-a-10_1636035912404.jpg"
          width="300"
        />
        <figcaption>
          <ul>
            <li>
              Author - 
              Justin Enriquez, Kate Dennett, Niomi Harris
            </li>
            <li>
              <a
                href="https://www.dailymail.co.uk/tvshowbiz/article-10165509/Bella-Hadid-Anwar-huge-rift-Gigis-ex-Zayn-Malik-claims-hit-mother-Yolanda.html"
              >
                Link
              </a>
            </li>
          </ul>
          <p>
            Bella and Anwar Hadid have had a falling out with Zayn Malik after his split with their sister Gigi and claims that he hit their mother Yolanda and pleading no contest to harrassment charges.
The 28… [+13633 chars]
          </p>
        </figcaption>
      </figure>
    </section>
  </li>
  <li
    class="articles"
  >
    <section
      class="articles"
    >
      <figure>
        <h2>
          Intel Core i9-12900K review: you don’t need Windows 11 for speed boosts - The Verge
        </h2>
        <img
          alt="Intel Core i9-12900K review: you don’t need Windows 11 for speed boosts - The Verge"
          height="200"
          src="https://cdn.vox-cdn.com/thumbor/wzn2OLURV--bBckJdm1_zutPej0=/0x184:2640x1566/fit-in/1200x630/cdn.vox-cdn.com/uploads/chorus_asset/file/22957885/tomwarren_corei9_12900K_1.jpg"
          width="300"
        />
        <figcaption>
          <ul>
            <li>
              Author - 
              Tom Warren
            </li>
            <li>
              <a
                href="https://www.theverge.com/22763042/intel-core-i9-12900k-review"
              >
                Link
              </a>
            </li>
          </ul>
          <p>
            If you buy something from a Verge link, Vox Media may earn a commission. See our ethics statement.Intels had a hard time competing with AMD lately. AMDs Ryzen Zen 3 CPUs took the performance crown fr… [+9517 chars]
          </p>
        </figcaption>
      </figure>
    </section>
  </li>
  <li
    class="articles"
  >
    <section
      class="articles"
    >
      <figure>
        <h2>
          Authorities Arrest Analyst Who Contributed to Steele Dossier - The New York Times
        </h2>
        <img
          alt="Authorities Arrest Analyst Who Contributed to Steele Dossier - The New York Times"
          height="200"
          src="https://static01.nyt.com/images/2021/11/04/us/politics/04dc-durham/04dc-durham-facebookJumbo.jpg"
          width="300"
        />
        <figcaption>
          <ul>
            <li>
              Author - 
              Adam Goldman, Charlie Savage
            </li>
            <li>
              <a
                href="https://www.nytimes.com/2021/11/04/us/igor-danchenko-arrested-steele-dossier.html"
              >
                Link
              </a>
            </li>
          </ul>
          <p>
            In an interview with The New York Times in 2020, Mr. Danchenko defended the integrity of his work, saying he had been tasked to gather raw intelligence and was simply passing it on to Mr. Steele. Mr.… [+1763 chars]
          </p>
        </figcaption>
      </figure>
    </section>
  </li>
  <li
    class="articles"
  >
    <section
      class="articles"
    >
      <figure>
        <h2>
          Britain approves Merck's COVID-19 pill in world first - Reuters
        </h2>
        <img
          alt="Britain approves Merck's COVID-19 pill in world first - Reuters"
          height="200"
          src="https://www.reuters.com/resizer/JjlTlbga8v0Asgmg3blZGYZcIiE=/1200x628/smart/filters:quality(80)/cloudfront-us-east-2.images.arcpublishing.com/reuters/AIBHKU4E5ZMEDHHKA5VFORJZ7Q.jpg"
          width="300"
        />
        <figcaption>
          <ul>
            <li>
              Author - 
            </li>
            <li>
              <a
                href="https://www.reuters.com/business/healthcare-pharmaceuticals/britain-approves-mercks-oral-covid-19-pill-2021-11-04/"
              >
                Link
              </a>
            </li>
          </ul>
          <p>
            Nov 4 (Reuters) - Britain on Thursday became the first country in the world to approve a potentially game-changing COVID-19 antiviral pill jointly developed by U.S.-based Merck (MRK.N) and Ridgeback … [+5832 chars]
          </p>
        </figcaption>
      </figure>
    </section>
  </li>
  <li
    class="articles"
  >
    <section
      class="articles"
    >
      <figure>
        <h2>
          OPEC and Russia Will Ponder Oil Output Under Pressure From Biden. - The New York Times
        </h2>
        <img
          alt="OPEC and Russia Will Ponder Oil Output Under Pressure From Biden. - The New York Times"
          height="200"
          src="https://static01.nyt.com/images/2021/11/03/business/00Opec-2/00Opec-2-facebookJumbo.jpg"
          width="300"
        />
        <figcaption>
          <ul>
            <li>
              Author - 
              Stanley Reed
            </li>
            <li>
              <a
                href="https://www.nytimes.com/2021/11/04/business/energy-environment/opec-russia-biden.html"
              >
                Link
              </a>
            </li>
          </ul>
          <p>
            With further climate pressures looming, the OPEC countries may prefer to reap high revenue, build their financial reserves and raise funds for investment in solar and wind power and other businesses … [+1542 chars]
          </p>
        </figcaption>
      </figure>
    </section>
  </li>
  <li
    class="articles"
  >
    <section
      class="articles"
    >
      <figure>
        <h2>
          Fantasy football - DFS best buys for Week 9 DraftKings picks FanDuel picks - ESPN
        </h2>
        <img
          alt="Fantasy football - DFS best buys for Week 9 DraftKings picks FanDuel picks - ESPN"
          height="200"
          src="https://a4.espncdn.com/combiner/i?img=%2Fphoto%2F2021%2F1104%2Fr932886_1296x729_16%2D9.jpg"
          width="300"
        />
        <figcaption>
          <ul>
            <li>
              Author - 
              Al Zeidenfeld
            </li>
            <li>
              <a
                href="https://www.espn.com/fantasy/football/insider/story/_/id/32546606/fantasy-football-dfs-best-buys-week-9-draftkings-picks-fanduel-picks"
              >
                Link
              </a>
            </li>
          </ul>
          <p>
            For the fantasy football player, success in daily fantasy formats comes down to your ability to find value, to identify players who are faced with great matchups, and to maximize the relationships am… [+12946 chars]
          </p>
        </figcaption>
      </figure>
    </section>
  </li>
  <li
    class="articles"
  >
    <section
      class="articles"
    >
      <figure>
        <h2>
          US mandates vaccines or tests for big companies by Jan. 4 - Associated Press
        </h2>
        <img
          alt="US mandates vaccines or tests for big companies by Jan. 4 - Associated Press"
          height="200"
          src="https://storage.googleapis.com/afs-prod/media/7f544f78b3c44680a5114d9242200912/3000.jpeg"
          width="300"
        />
        <figcaption>
          <ul>
            <li>
              Author - 
              David Koenig
            </li>
            <li>
              <a
                href="https://apnews.com/article/coronavirus-pandemic-joe-biden-business-health-medicaid-29c2262c336bcfc38da2d14b251daf51"
              >
                Link
              </a>
            </li>
          </ul>
          <p>
            Tens of millions of Americans who work at companies with 100 or more employees will need to be fully vaccinated against COVID-19 by Jan. 4 or get tested for the virus weekly under government rules is… [+7613 chars]
          </p>
        </figcaption>
      </figure>
    </section>
  </li>
  <li
    class="articles"
  >
    <section
      class="articles"
    >
      <figure>
        <h2>
          Moderna Stock Plunges as Vaccine Sales, Earnings, Miss Forecasts - Barron's
        </h2>
        <img
          alt="Moderna Stock Plunges as Vaccine Sales, Earnings, Miss Forecasts - Barron's"
          height="200"
          src="https://images.barrons.com/im-398173/social"
          width="300"
        />
        <figcaption>
          <ul>
            <li>
              Author - 
              Josh Nathan-Kazis
            </li>
            <li>
              <a
                href="https://www.barrons.com/articles/moderna-vaccine-sales-earnings-miss-forecasts-51636027353"
              >
                Link
              </a>
            </li>
          </ul>
          <p>
            Moderna 
shares plunged 12.3% in premarket trading on Thursday after sales of the companys Covid-19 vaccine fell short of Wall Street analysts estimates by more than a billion dollars.The company re… [+4095 chars]
          </p>
        </figcaption>
      </figure>
    </section>
  </li>
</ul>
`;
